Archive member included to satisfy reference by file (symbol)

a:/stm32/workbench/plugins/fr.ac6.mcu.externaltools.arm-none.win32_1.17.0.201812190825/tools/compiler/bin/../lib/gcc/arm-none-eabi/7.3.1/../../../../arm-none-eabi/lib/thumb/v7-m\libm.a(lib_a-s_floor.o)
                              Src/parser/parser.o (floor)
a:/stm32/workbench/plugins/fr.ac6.mcu.externaltools.arm-none.win32_1.17.0.201812190825/tools/compiler/bin/../lib/gcc/arm-none-eabi/7.3.1/thumb/v7-m\libgcc.a(_arm_addsubdf3.o)
                              a:/stm32/workbench/plugins/fr.ac6.mcu.externaltools.arm-none.win32_1.17.0.201812190825/tools/compiler/bin/../lib/gcc/arm-none-eabi/7.3.1/../../../../arm-none-eabi/lib/thumb/v7-m\libm.a(lib_a-s_floor.o) (__aeabi_dadd)
a:/stm32/workbench/plugins/fr.ac6.mcu.externaltools.arm-none.win32_1.17.0.201812190825/tools/compiler/bin/../lib/gcc/arm-none-eabi/7.3.1/thumb/v7-m\libgcc.a(_arm_muldivdf3.o)
                              Src/parser/parser.o (__aeabi_ddiv)
a:/stm32/workbench/plugins/fr.ac6.mcu.externaltools.arm-none.win32_1.17.0.201812190825/tools/compiler/bin/../lib/gcc/arm-none-eabi/7.3.1/thumb/v7-m\libgcc.a(_arm_cmpdf2.o)
                              a:/stm32/workbench/plugins/fr.ac6.mcu.externaltools.arm-none.win32_1.17.0.201812190825/tools/compiler/bin/../lib/gcc/arm-none-eabi/7.3.1/../../../../arm-none-eabi/lib/thumb/v7-m\libm.a(lib_a-s_floor.o) (__aeabi_dcmpgt)
a:/stm32/workbench/plugins/fr.ac6.mcu.externaltools.arm-none.win32_1.17.0.201812190825/tools/compiler/bin/../lib/gcc/arm-none-eabi/7.3.1/thumb/v7-m\libgcc.a(_arm_truncdfsf2.o)
                              Src/parser/parser.o (__aeabi_d2f)
a:/stm32/workbench/plugins/fr.ac6.mcu.externaltools.arm-none.win32_1.17.0.201812190825/tools/compiler/bin/../lib/gcc/arm-none-eabi/7.3.1/thumb/v7-m\libgcc.a(_arm_addsubsf3.o)
                              Src/parser/parser.o (__aeabi_fsub)
a:/stm32/workbench/plugins/fr.ac6.mcu.externaltools.arm-none.win32_1.17.0.201812190825/tools/compiler/bin/../lib/gcc/arm-none-eabi/7.3.1/thumb/v7-m\libgcc.a(_arm_muldivsf3.o)
                              Src/parser/parser.o (__aeabi_fmul)
a:/stm32/workbench/plugins/fr.ac6.mcu.externaltools.arm-none.win32_1.17.0.201812190825/tools/compiler/bin/../lib/gcc/arm-none-eabi/7.3.1/thumb/v7-m\libgcc.a(_arm_cmpsf2.o)
                              Src/parser/parser.o (__aeabi_fcmpeq)
a:/stm32/workbench/plugins/fr.ac6.mcu.externaltools.arm-none.win32_1.17.0.201812190825/tools/compiler/bin/../lib/gcc/arm-none-eabi/7.3.1/thumb/v7-m\libgcc.a(_aeabi_ldivmod.o)
                              Src/parser/parser.o (__aeabi_ldivmod)
a:/stm32/workbench/plugins/fr.ac6.mcu.externaltools.arm-none.win32_1.17.0.201812190825/tools/compiler/bin/../lib/gcc/arm-none-eabi/7.3.1/thumb/v7-m\libgcc.a(_fixsfdi.o)
                              Src/parser/parser.o (__aeabi_f2lz)
a:/stm32/workbench/plugins/fr.ac6.mcu.externaltools.arm-none.win32_1.17.0.201812190825/tools/compiler/bin/../lib/gcc/arm-none-eabi/7.3.1/thumb/v7-m\libgcc.a(_fixunssfdi.o)
                              a:/stm32/workbench/plugins/fr.ac6.mcu.externaltools.arm-none.win32_1.17.0.201812190825/tools/compiler/bin/../lib/gcc/arm-none-eabi/7.3.1/thumb/v7-m\libgcc.a(_fixsfdi.o) (__aeabi_f2ulz)
a:/stm32/workbench/plugins/fr.ac6.mcu.externaltools.arm-none.win32_1.17.0.201812190825/tools/compiler/bin/../lib/gcc/arm-none-eabi/7.3.1/thumb/v7-m\libgcc.a(_udivmoddi4.o)
                              a:/stm32/workbench/plugins/fr.ac6.mcu.externaltools.arm-none.win32_1.17.0.201812190825/tools/compiler/bin/../lib/gcc/arm-none-eabi/7.3.1/thumb/v7-m\libgcc.a(_aeabi_ldivmod.o) (__udivmoddi4)
a:/stm32/workbench/plugins/fr.ac6.mcu.externaltools.arm-none.win32_1.17.0.201812190825/tools/compiler/bin/../lib/gcc/arm-none-eabi/7.3.1/thumb/v7-m\libgcc.a(_dvmd_tls.o)
                              a:/stm32/workbench/plugins/fr.ac6.mcu.externaltools.arm-none.win32_1.17.0.201812190825/tools/compiler/bin/../lib/gcc/arm-none-eabi/7.3.1/thumb/v7-m\libgcc.a(_aeabi_ldivmod.o) (__aeabi_ldiv0)
a:/stm32/workbench/plugins/fr.ac6.mcu.externaltools.arm-none.win32_1.17.0.201812190825/tools/compiler/bin/../lib/gcc/arm-none-eabi/7.3.1/thumb/v7-m\libgcc.a(_arm_fixunsdfsi.o)
                              a:/stm32/workbench/plugins/fr.ac6.mcu.externaltools.arm-none.win32_1.17.0.201812190825/tools/compiler/bin/../lib/gcc/arm-none-eabi/7.3.1/thumb/v7-m\libgcc.a(_fixunssfdi.o) (__aeabi_d2uiz)
a:/stm32/workbench/plugins/fr.ac6.mcu.externaltools.arm-none.win32_1.17.0.201812190825/tools/compiler/bin/../lib/gcc/arm-none-eabi/7.3.1/../../../../arm-none-eabi/lib/thumb/v7-m\libc_nano.a(lib_a-errno.o)
                              Src/syscalls.o (__errno)
a:/stm32/workbench/plugins/fr.ac6.mcu.externaltools.arm-none.win32_1.17.0.201812190825/tools/compiler/bin/../lib/gcc/arm-none-eabi/7.3.1/../../../../arm-none-eabi/lib/thumb/v7-m\libc_nano.a(lib_a-exit.o)
[...]
Memory Configuration

Name             Origin             Length             Attributes
RAM              0x20000000         0x00005000         xrw
FLASH            0x08000000         0x00010000         xr
*default*        0x00000000         0xffffffff

Linker script and memory map

LOAD a:/stm32/workbench/plugins/fr.ac6.mcu.externaltools.arm-none.win32_1.17.0.201812190825/tools/compiler/bin/../lib/gcc/arm-none-eabi/7.3.1/thumb/v7-m/crti.o
LOAD a:/stm32/workbench/plugins/fr.ac6.mcu.externaltools.arm-none.win32_1.17.0.201812190825/tools/compiler/bin/../lib/gcc/arm-none-eabi/7.3.1/thumb/v7-m/crtbegin.o
LOAD a:/stm32/workbench/plugins/fr.ac6.mcu.externaltools.arm-none.win32_1.17.0.201812190825/tools/compiler/bin/../lib/gcc/arm-none-eabi/7.3.1/../../../../arm-none-eabi/lib/thumb/v7-m/crt0.o
LOAD Drivers/STM32F1xx_HAL_Driver/Src/stm32f1xx_hal.o
LOAD Drivers/STM32F1xx_HAL_Driver/Src/stm32f1xx_hal_cortex.o
LOAD Drivers/STM32F1xx_HAL_Driver/Src/stm32f1xx_hal_dma.o
LOAD Drivers/STM32F1xx_HAL_Driver/Src/stm32f1xx_hal_exti.o
LOAD Drivers/STM32F1xx_HAL_Driver/Src/stm32f1xx_hal_flash.o
LOAD Drivers/STM32F1xx_HAL_Driver/Src/stm32f1xx_hal_flash_ex.o
LOAD Drivers/STM32F1xx_HAL_Driver/Src/stm32f1xx_hal_gpio.o
LOAD Drivers/STM32F1xx_HAL_Driver/Src/stm32f1xx_hal_gpio_ex.o
LOAD Drivers/STM32F1xx_HAL_Driver/Src/stm32f1xx_hal_pwr.o
LOAD Drivers/STM32F1xx_HAL_Driver/Src/stm32f1xx_hal_rcc.o
LOAD Drivers/STM32F1xx_HAL_Driver/Src/stm32f1xx_hal_rcc_ex.o
LOAD Drivers/STM32F1xx_HAL_Driver/Src/stm32f1xx_hal_spi.o
LOAD Drivers/STM32F1xx_HAL_Driver/Src/stm32f1xx_hal_tim.o
LOAD Drivers/STM32F1xx_HAL_Driver/Src/stm32f1xx_hal_tim_ex.o
LOAD Src/DHT11/DHT11.o
LOAD Src/DWT_STM32/dwt_stm32_delay.o
LOAD Src/font/font.o
LOAD Src/gpio.o
LOAD Src/main.o
LOAD Src/spi.o
LOAD Src/stm32f1xx_hal_msp.o
LOAD Src/stm32f1xx_it.o
LOAD Src/syscalls.o
LOAD Src/system_stm32f1xx.o
LOAD Src/tim.o
LOAD Src/userMain.o
LOAD Src/lcd/lcd.o
LOAD Src/parser/parser.o
LOAD startup/startup_stm32f103xb.o
LOAD a:/stm32/workbench/plugins/fr.ac6.mcu.externaltools.arm-none.win32_1.17.0.201812190825/tools/compiler/bin/../lib/gcc/arm-none-eabi/7.3.1/../../../../arm-none-eabi/lib/thumb/v7-m\libm.a
START GROUP
LOAD a:/stm32/workbench/plugins/fr.ac6.mcu.externaltools.arm-none.win32_1.17.0.201812190825/tools/compiler/bin/../lib/gcc/arm-none-eabi/7.3.1/thumb/v7-m\libgcc.a
LOAD a:/stm32/workbench/plugins/fr.ac6.mcu.externaltools.arm-none.win32_1.17.0.201812190825/tools/compiler/bin/../lib/gcc/arm-none-eabi/7.3.1/../../../../arm-none-eabi/lib/thumb/v7-m\libc_nano.a
END GROUP
START GROUP
LOAD a:/stm32/workbench/plugins/fr.ac6.mcu.externaltools.arm-none.win32_1.17.0.201812190825/tools/compiler/bin/../lib/gcc/arm-none-eabi/7.3.1/thumb/v7-m\libgcc.a
LOAD a:/stm32/workbench/plugins/fr.ac6.mcu.externaltools.arm-none.win32_1.17.0.201812190825/tools/compiler/bin/../lib/gcc/arm-none-eabi/7.3.1/../../../../arm-none-eabi/lib/thumb/v7-m\libc_nano.a
LOAD a:/stm32/workbench/plugins/fr.ac6.mcu.externaltools.arm-none.win32_1.17.0.201812190825/tools/compiler/bin/../lib/gcc/arm-none-eabi/7.3.1/../../../../arm-none-eabi/lib/thumb/v7-m\libnosys.a
END GROUP
START GROUP
LOAD a:/stm32/workbench/plugins/fr.ac6.mcu.externaltools.arm-none.win32_1.17.0.201812190825/tools/compiler/bin/../lib/gcc/arm-none-eabi/7.3.1/thumb/v7-m\libgcc.a
LOAD a:/stm32/workbench/plugins/fr.ac6.mcu.externaltools.arm-none.win32_1.17.0.201812190825/tools/compiler/bin/../lib/gcc/arm-none-eabi/7.3.1/../../../../arm-none-eabi/lib/thumb/v7-m\libc_nano.a
LOAD a:/stm32/workbench/plugins/fr.ac6.mcu.externaltools.arm-none.win32_1.17.0.201812190825/tools/compiler/bin/../lib/gcc/arm-none-eabi/7.3.1/../../../../arm-none-eabi/lib/thumb/v7-m\libnosys.a
END GROUP
LOAD a:/stm32/workbench/plugins/fr.ac6.mcu.externaltools.arm-none.win32_1.17.0.201812190825/tools/compiler/bin/../lib/gcc/arm-none-eabi/7.3.1/thumb/v7-m/crtend.o
LOAD a:/stm32/workbench/plugins/fr.ac6.mcu.externaltools.arm-none.win32_1.17.0.201812190825/tools/compiler/bin/../lib/gcc/arm-none-eabi/7.3.1/thumb/v7-m/crtn.o
                0x20005000                _estack = 0x20005000
                0x00000200                _Min_Heap_Size = 0x200
                0x00000400                _Min_Stack_Size = 0x400

.isr_vector     0x08000000      0x10c
                0x08000000                . = ALIGN (0x4)
 *(.isr_vector)
 .isr_vector    0x08000000      0x10c startup/startup_stm32f103xb.o
                0x08000000                g_pfnVectors
                0x0800010c                . = ALIGN (0x4)

.text           0x0800010c     0x2214
                0x0800010c                . = ALIGN (0x4)
 *(.text)
 .text          0x0800010c       0x40 a:/stm32/workbench/plugins/fr.ac6.mcu.externaltools.arm-none.win32_1.17.0.201812190825/tools/compiler/bin/../lib/gcc/arm-none-eabi/7.3.1/thumb/v7-m/crtbegin.o
 *(.text*)
 .text.HAL_InitTick
                0x0800014c       0x48 Drivers/STM32F1xx_HAL_Driver/Src/stm32f1xx_hal.o
                0x0800014c                HAL_InitTick
 .text.HAL_Init
                0x08000194       0x24 Drivers/STM32F1xx_HAL_Driver/Src/stm32f1xx_hal.o
                0x08000194                HAL_Init
 .text.HAL_IncTick
                0x080001b8       0x18 Drivers/STM32F1xx_HAL_Driver/Src/stm32f1xx_hal.o
                0x080001b8                HAL_IncTick
 .text.HAL_GetTick
                0x080001d0        0xc Drivers/STM32F1xx_HAL_Driver/Src/stm32f1xx_hal.o
                0x080001d0                HAL_GetTick
 .text.HAL_Delay
                0x080001dc       0x28 Drivers/STM32F1xx_HAL_Driver/Src/stm32f1xx_hal.o
                0x080001dc                HAL_Delay
 .text.HAL_NVIC_SetPriorityGrouping
                0x08000204       0x24 Drivers/STM32F1xx_HAL_Driver/Src/stm32f1xx_hal_cortex.o
                0x08000204                HAL_NVIC_SetPriorityGrouping
 .text.HAL_NVIC_SetPriority
                0x08000228       0x68 Drivers/STM32F1xx_HAL_Driver/Src/stm32f1xx_hal_cortex.o
                0x08000228                HAL_NVIC_SetPriority
 .text.HAL_NVIC_EnableIRQ
                0x08000290       0x1c Drivers/STM32F1xx_HAL_Driver/Src/stm32f1xx_hal_cortex.o
                0x08000290                HAL_NVIC_EnableIRQ
 .text.HAL_SYSTICK_Config
                0x080002ac       0x2c Drivers/STM32F1xx_HAL_Driver/Src/stm32f1xx_hal_cortex.o
                0x080002ac                HAL_SYSTICK_Config
 .text.HAL_GPIO_Init
                0x080002d8      0x1d8 Drivers/STM32F1xx_HAL_Driver/Src/stm32f1xx_hal_gpio.o
                0x080002d8                HAL_GPIO_Init
 .text.HAL_GPIO_ReadPin
                0x080004b0        0xe Drivers/STM32F1xx_HAL_Driver/Src/stm32f1xx_hal_gpio.o
                0x080004b0                HAL_GPIO_ReadPin
 .text.HAL_GPIO_WritePin
                0x080004be        0xc Drivers/STM32F1xx_HAL_Driver/Src/stm32f1xx_hal_gpio.o
                0x080004be                HAL_GPIO_WritePin
 .text.HAL_GPIO_TogglePin
                0x080004ca       0x12 Drivers/STM32F1xx_HAL_Driver/Src/stm32f1xx_hal_gpio.o
                0x080004ca                HAL_GPIO_TogglePin
 .text.RCC_Delay
                0x080004dc       0x2c Drivers/STM32F1xx_HAL_Driver/Src/stm32f1xx_hal_rcc.o
 .text.HAL_RCC_OscConfig
                0x08000508      0x410 Drivers/STM32F1xx_HAL_Driver/Src/stm32f1xx_hal_rcc.o
                0x08000508                HAL_RCC_OscConfig
 .text.HAL_RCC_GetSysClockFreq
                0x08000918       0x70 Drivers/STM32F1xx_HAL_Driver/Src/stm32f1xx_hal_rcc.o
                0x08000918                HAL_RCC_GetSysClockFreq
 .text.HAL_RCC_ClockConfig
                0x08000988      0x168 Drivers/STM32F1xx_HAL_Driver/Src/stm32f1xx_hal_rcc.o
                0x08000988                HAL_RCC_ClockConfig
 .text.HAL_RCC_GetHCLKFreq
                0x08000af0        0xc Drivers/STM32F1xx_HAL_Driver/Src/stm32f1xx_hal_rcc.o
                0x08000af0                HAL_RCC_GetHCLKFreq
 .text.SPI_WaitFlagStateUntilTimeout
                0x08000afc       0xd0 Drivers/STM32F1xx_HAL_Driver/Src/stm32f1xx_hal_spi.o
 .text.SPI_EndRxTxTransaction
                0x08000bcc       0x28 Drivers/STM32F1xx_HAL_Driver/Src/stm32f1xx_hal_spi.o
 .text.HAL_SPI_Init
                0x08000bf4       0xb6 Drivers/STM32F1xx_HAL_Driver/Src/stm32f1xx_hal_spi.o
                0x08000bf4                HAL_SPI_Init
 .text.HAL_SPI_Transmit
                0x08000caa      0x1a4 Drivers/STM32F1xx_HAL_Driver/Src/stm32f1xx_hal_spi.o
                0x08000caa                HAL_SPI_Transmit
 .text.TIM_TI1_ConfigInputStage
                0x08000e4e       0x24 Drivers/STM32F1xx_HAL_Driver/Src/stm32f1xx_hal_tim.o
 .text.TIM_TI2_ConfigInputStage
                0x08000e72       0x26 Drivers/STM32F1xx_HAL_Driver/Src/stm32f1xx_hal_tim.o
 .text.TIM_ITRx_SetConfig
                0x08000e98       0x10 Drivers/STM32F1xx_HAL_Driver/Src/stm32f1xx_hal_tim.o
 .text.HAL_TIM_Base_Start_IT
                0x08000ea8       0x68 Drivers/STM32F1xx_HAL_Driver/Src/stm32f1xx_hal_tim.o
                0x08000ea8                HAL_TIM_Base_Start_IT
 .text.HAL_TIM_OC_DelayElapsedCallback
                0x08000f10        0x2 Drivers/STM32F1xx_HAL_Driver/Src/stm32f1xx_hal_tim.o
                0x08000f10                HAL_TIM_OC_DelayElapsedCallback
 .text.HAL_TIM_IC_CaptureCallback
                0x08000f12        0x2 Drivers/STM32F1xx_HAL_Driver/Src/stm32f1xx_hal_tim.o
                0x08000f12                HAL_TIM_IC_CaptureCallback
 .text.HAL_TIM_PWM_PulseFinishedCallback
                0x08000f14        0x2 Drivers/STM32F1xx_HAL_Driver/Src/stm32f1xx_hal_tim.o
                0x08000f14                HAL_TIM_PWM_PulseFinishedCallback
 .text.HAL_TIM_TriggerCallback
                0x08000f16        0x2 Drivers/STM32F1xx_HAL_Driver/Src/stm32f1xx_hal_tim.o
                0x08000f16                HAL_TIM_TriggerCallback
 .text.HAL_TIM_IRQHandler
                0x08000f18      0x17a Drivers/STM32F1xx_HAL_Driver/Src/stm32f1xx_hal_tim.o
                0x08000f18                HAL_TIM_IRQHandler
 *fill*         0x08001092        0x2 
 .text.TIM_Base_SetConfig
                0x08001094       0x74 Drivers/STM32F1xx_HAL_Driver/Src/stm32f1xx_hal_tim.o
                0x08001094                TIM_Base_SetConfig
 .text.HAL_TIM_Base_Init
                0x08001108       0x56 Drivers/STM32F1xx_HAL_Driver/Src/stm32f1xx_hal_tim.o
                0x08001108                HAL_TIM_Base_Init
 .text.TIM_ETR_SetConfig
                0x0800115e       0x16 Drivers/STM32F1xx_HAL_Driver/Src/stm32f1xx_hal_tim.o
                0x0800115e                TIM_ETR_SetConfig
 .text.HAL_TIM_ConfigClockSource
                0x08001174       0xda Drivers/STM32F1xx_HAL_Driver/Src/stm32f1xx_hal_tim.o
                0x08001174                HAL_TIM_ConfigClockSource
 *fill*         0x0800124e        0x2 
 .text.HAL_TIMEx_MasterConfigSynchronization
                0x08001250       0x68 Drivers/STM32F1xx_HAL_Driver/Src/stm32f1xx_hal_tim_ex.o
                0x08001250                HAL_TIMEx_MasterConfigSynchronization
 .text.HAL_TIMEx_CommutCallback
                0x080012b8        0x2 Drivers/STM32F1xx_HAL_Driver/Src/stm32f1xx_hal_tim_ex.o
                0x080012b8                HAL_TIMEx_CommutCallback
 .text.HAL_TIMEx_BreakCallback
                0x080012ba        0x2 Drivers/STM32F1xx_HAL_Driver/Src/stm32f1xx_hal_tim_ex.o
                0x080012ba                HAL_TIMEx_BreakCallback
 .text.set_pin_output
                0x080012bc       0x1e Src/DHT11/DHT11.o
                0x080012bc                set_pin_output
 .text.set_pin_input
                0x080012da       0x1e Src/DHT11/DHT11.o
                0x080012da                set_pin_input
 .text.DHT11_setup
                0x080012f8       0x78 Src/DHT11/DHT11.o
                0x080012f8                DHT11_setup
 .text.DHT11_check_response
                0x08001370       0x7c Src/DHT11/DHT11.o
                0x08001370                DHT11_check_response
 .text.DHT11_Read
                0x080013ec       0x80 Src/DHT11/DHT11.o
                0x080013ec                DHT11_Read
 .text.DWT_Delay_Init
                0x0800146c       0x44 Src/DWT_STM32/dwt_stm32_delay.o
                0x0800146c                DWT_Delay_Init
 .text.MX_GPIO_Init
                0x080014b0       0xe0 Src/gpio.o
                0x080014b0                MX_GPIO_Init
 .text.SystemClock_Config
                0x08001590       0x44 Src/main.o
                0x08001590                SystemClock_Config
 .text.main     0x080015d4       0x1e Src/main.o
                0x080015d4                main
 .text.Error_Handler
                0x080015f2        0x2 Src/main.o
                0x080015f2                Error_Handler
 .text.MX_SPI2_Init
                0x080015f4       0x44 Src/spi.o
                0x080015f4                MX_SPI2_Init
 .text.HAL_SPI_MspInit
                0x08001638       0x64 Src/spi.o
                0x08001638                HAL_SPI_MspInit
 .text.HAL_MspInit
                0x0800169c       0x44 Src/stm32f1xx_hal_msp.o
                0x0800169c                HAL_MspInit
 .text.NMI_Handler
                0x080016e0        0x2 Src/stm32f1xx_it.o
                0x080016e0                NMI_Handler
 .text.HardFault_Handler
                0x080016e2        0x2 Src/stm32f1xx_it.o
                0x080016e2                HardFault_Handler
 .text.MemManage_Handler
                0x080016e4        0x2 Src/stm32f1xx_it.o
                0x080016e4                MemManage_Handler
 .text.BusFault_Handler
                0x080016e6        0x2 Src/stm32f1xx_it.o
                0x080016e6                BusFault_Handler
 .text.UsageFault_Handler
                0x080016e8        0x2 Src/stm32f1xx_it.o
                0x080016e8                UsageFault_Handler
 .text.SVC_Handler
                0x080016ea        0x2 Src/stm32f1xx_it.o
                0x080016ea                SVC_Handler
 .text.DebugMon_Handler
                0x080016ec        0x2 Src/stm32f1xx_it.o
                0x080016ec                DebugMon_Handler
 .text.PendSV_Handler
                0x080016ee        0x2 Src/stm32f1xx_it.o
                0x080016ee                PendSV_Handler
 .text.SysTick_Handler
                0x080016f0        0x8 Src/stm32f1xx_it.o
                0x080016f0                SysTick_Handler
 .text.TIM2_IRQHandler
                0x080016f8       0x10 Src/stm32f1xx_it.o
                0x080016f8                TIM2_IRQHandler
 .text._sbrk    0x08001708       0x3c Src/syscalls.o
                0x08001708                _sbrk
 .text.SystemInit
                0x08001744        0x2 Src/system_stm32f1xx.o
                0x08001744                SystemInit
 *fill*         0x08001746        0x2 
 .text.MX_TIM2_Init
                0x08001748       0x74 Src/tim.o
                0x08001748                MX_TIM2_Init
 .text.HAL_TIM_Base_MspInit
                0x080017bc       0x3a Src/tim.o
                0x080017bc                HAL_TIM_Base_MspInit
 *fill*         0x080017f6        0x2 
 .text.print_value
                0x080017f8       0x38 Src/userMain.o
                0x080017f8                print_value
 .text.HAL_TIM_PeriodElapsedCallback
                0x08001830        0x2 Src/userMain.o
                0x08001830                HAL_TIM_PeriodElapsedCallback
 *fill*         0x08001832        0x2 
 .text.userMain
                0x08001834       0xa8 Src/userMain.o
                0x08001834                userMain
 .text.lcd_cmd  0x080018dc       0x40 Src/lcd/lcd.o
                0x080018dc                lcd_cmd
 .text.lcd_setup
                0x0800191c       0x58 Src/lcd/lcd.o
                0x0800191c                lcd_setup
 .text.lcd_draw_bitmap
                0x08001974       0x14 Src/lcd/lcd.o
                0x08001974                lcd_draw_bitmap
 .text.lcd_draw_big_text
                0x08001988       0x60 Src/lcd/lcd.o
                0x08001988                lcd_draw_big_text
 .text.lcd_copy
                0x080019e8       0x48 Src/lcd/lcd.o
                0x080019e8                lcd_copy
 .text.Reset_Handler
                0x08001a30       0x48 startup/startup_stm32f103xb.o
                0x08001a30                Reset_Handler
 .text.Default_Handler
                0x08001a78        0x2 startup/startup_stm32f103xb.o
                0x08001a78                RTC_Alarm_IRQHandler
                0x08001a78                EXTI2_IRQHandler
                0x08001a78                TIM1_CC_IRQHandler
                0x08001a78                PVD_IRQHandler
                0x08001a78                EXTI3_IRQHandler
                0x08001a78                EXTI0_IRQHandler
                0x08001a78                I2C2_EV_IRQHandler
                0x08001a78                ADC1_2_IRQHandler
                0x08001a78                SPI1_IRQHandler
                0x08001a78                TAMPER_IRQHandler
                0x08001a78                DMA1_Channel4_IRQHandler
                0x08001a78                USART3_IRQHandler
                0x08001a78                RTC_IRQHandler
                0x08001a78                DMA1_Channel7_IRQHandler
                0x08001a78                CAN1_RX1_IRQHandler
                0x08001a78                TIM4_IRQHandler
                0x08001a78                I2C1_EV_IRQHandler
                0x08001a78                DMA1_Channel6_IRQHandler
                0x08001a78                TIM3_IRQHandler
                0x08001a78                RCC_IRQHandler
                0x08001a78                TIM1_TRG_COM_IRQHandler
                0x08001a78                DMA1_Channel1_IRQHandler
                0x08001a78                Default_Handler
                0x08001a78                EXTI15_10_IRQHandler
                0x08001a78                EXTI9_5_IRQHandler
                0x08001a78                SPI2_IRQHandler
                0x08001a78                DMA1_Channel5_IRQHandler
                0x08001a78                EXTI4_IRQHandler
                0x08001a78                USB_LP_CAN1_RX0_IRQHandler
                0x08001a78                USB_HP_CAN1_TX_IRQHandler
                0x08001a78                DMA1_Channel3_IRQHandler
                0x08001a78                TIM1_UP_IRQHandler
                0x08001a78                WWDG_IRQHandler
                0x08001a78                TIM1_BRK_IRQHandler
                0x08001a78                EXTI1_IRQHandler
                0x08001a78                USART2_IRQHandler
                0x08001a78                I2C2_ER_IRQHandler
                0x08001a78                DMA1_Channel2_IRQHandler
                0x08001a78                CAN1_SCE_IRQHandler
                0x08001a78                FLASH_IRQHandler
                0x08001a78                USART1_IRQHandler
                0x08001a78                I2C1_ER_IRQHandler
                0x08001a78                USBWakeUp_IRQHandler
 *fill*         0x08001a7a        0x2 
 .text.__errno  0x08001a7c        0xc a:/stm32/workbench/plugins/fr.ac6.mcu.externaltools.arm-none.win32_1.17.0.201812190825/tools/compiler/bin/../lib/gcc/arm-none-eabi/7.3.1/../../../../arm-none-eabi/lib/thumb/v7-m\libc_nano.a(lib_a-errno.o)
                0x08001a7c                __errno
 .text.__libc_init_array
                0x08001a88       0x48 a:/stm32/workbench/plugins/fr.ac6.mcu.externaltools.arm-none.win32_1.17.0.201812190825/tools/compiler/bin/../lib/gcc/arm-none-eabi/7.3.1/../../../../arm-none-eabi/lib/thumb/v7-m\libc_nano.a(lib_a-init.o)
                0x08001a88                __libc_init_array
 .text.memcpy   0x08001ad0       0x16 a:/stm32/workbench/plugins/fr.ac6.mcu.externaltools.arm-none.win32_1.17.0.201812190825/tools/compiler/bin/../lib/gcc/arm-none-eabi/7.3.1/../../../../arm-none-eabi/lib/thumb/v7-m\libc_nano.a(lib_a-memcpy-stub.o)
                0x08001ad0                memcpy
 .text.memset   0x08001ae6       0x10 a:/stm32/workbench/plugins/fr.ac6.mcu.externaltools.arm-none.win32_1.17.0.201812190825/tools/compiler/bin/../lib/gcc/arm-none-eabi/7.3.1/../../../../arm-none-eabi/lib/thumb/v7-m\libc_nano.a(lib_a-memset.o)
                0x08001ae6                memset
 *fill*         0x08001af6        0x2 
 .text.sprintf  0x08001af8       0x40 a:/stm32/workbench/plugins/fr.ac6.mcu.externaltools.arm-none.win32_1.17.0.201812190825/tools/compiler/bin/../lib/gcc/arm-none-eabi/7.3.1/../../../../arm-none-eabi/lib/thumb/v7-m\libc_nano.a(lib_a-sprintf.o)
                0x08001af8                siprintf
                0x08001af8                sprintf
 .text.__ssputs_r
                0x08001b38       0xb4 a:/stm32/workbench/plugins/fr.ac6.mcu.externaltools.arm-none.win32_1.17.0.201812190825/tools/compiler/bin/../lib/gcc/arm-none-eabi/7.3.1/../../../../arm-none-eabi/lib/thumb/v7-m\libc_nano.a(lib_a-nano-svfprintf.o)
                0x08001b38                __ssputs_r
 .text._svfprintf_r
                0x08001bec      0x1f0 a:/stm32/workbench/plugins/fr.ac6.mcu.externaltools.arm-none.win32_1.17.0.201812190825/tools/compiler/bin/../lib/gcc/arm-none-eabi/7.3.1/../../../../arm-none-eabi/lib/thumb/v7-m\libc_nano.a(lib_a-nano-svfprintf.o)
                0x08001bec                _svfiprintf_r
                0x08001bec                _svfprintf_r
 .text._printf_common
                0x08001ddc       0xec a:/stm32/workbench/plugins/fr.ac6.mcu.externaltools.arm-none.win32_1.17.0.201812190825/tools/compiler/bin/../lib/gcc/arm-none-eabi/7.3.1/../../../../arm-none-eabi/lib/thumb/v7-m\libc_nano.a(lib_a-nano-vfprintf_i.o)
                0x08001ddc                _printf_common
 .text._printf_i
                0x08001ec8      0x224 a:/stm32/workbench/plugins/fr.ac6.mcu.externaltools.arm-none.win32_1.17.0.201812190825/tools/compiler/bin/../lib/gcc/arm-none-eabi/7.3.1/../../../../arm-none-eabi/lib/thumb/v7-m\libc_nano.a(lib_a-nano-vfprintf_i.o)
                0x08001ec8                _printf_i
 .text.memchr   0x080020ec       0x1c a:/stm32/workbench/plugins/fr.ac6.mcu.externaltools.arm-none.win32_1.17.0.201812190825/tools/compiler/bin/../lib/gcc/arm-none-eabi/7.3.1/../../../../arm-none-eabi/lib/thumb/v7-m\libc_nano.a(lib_a-memchr-stub.o)
                0x080020ec                memchr
 .text.memmove  0x08002108       0x32 a:/stm32/workbench/plugins/fr.ac6.mcu.externaltools.arm-none.win32_1.17.0.201812190825/tools/compiler/bin/../lib/gcc/arm-none-eabi/7.3.1/../../../../arm-none-eabi/lib/thumb/v7-m\libc_nano.a(lib_a-memmove.o)
                0x08002108                memmove
 *fill*         0x0800213a        0x2 
 .text._free_r  0x0800213c       0x98 a:/stm32/workbench/plugins/fr.ac6.mcu.externaltools.arm-none.win32_1.17.0.201812190825/tools/compiler/bin/../lib/gcc/arm-none-eabi/7.3.1/../../../../arm-none-eabi/lib/thumb/v7-m\libc_nano.a(lib_a-nano-freer.o)
                0x0800213c                _free_r
 .text._malloc_r
                0x080021d4       0xb4 a:/stm32/workbench/plugins/fr.ac6.mcu.externaltools.arm-none.win32_1.17.0.201812190825/tools/compiler/bin/../lib/gcc/arm-none-eabi/7.3.1/../../../../arm-none-eabi/lib/thumb/v7-m\libc_nano.a(lib_a-nano-mallocr.o)
                0x080021d4                _malloc_r
 .text._realloc_r
                0x08002288       0x4c a:/stm32/workbench/plugins/fr.ac6.mcu.externaltools.arm-none.win32_1.17.0.201812190825/tools/compiler/bin/../lib/gcc/arm-none-eabi/7.3.1/../../../../arm-none-eabi/lib/thumb/v7-m\libc_nano.a(lib_a-nano-reallocr.o)
                0x08002288                _realloc_r
 .text._sbrk_r  0x080022d4       0x20 a:/stm32/workbench/plugins/fr.ac6.mcu.externaltools.arm-none.win32_1.17.0.201812190825/tools/compiler/bin/../lib/gcc/arm-none-eabi/7.3.1/../../../../arm-none-eabi/lib/thumb/v7-m\libc_nano.a(lib_a-sbrkr.o)
                0x080022d4                _sbrk_r
 .text.__malloc_lock
                0x080022f4        0x2 a:/stm32/workbench/plugins/fr.ac6.mcu.externaltools.arm-none.win32_1.17.0.201812190825/tools/compiler/bin/../lib/gcc/arm-none-eabi/7.3.1/../../../../arm-none-eabi/lib/thumb/v7-m\libc_nano.a(lib_a-mlock.o)
                0x080022f4                __malloc_lock
 .text.__malloc_unlock
                0x080022f6        0x2 a:/stm32/workbench/plugins/fr.ac6.mcu.externaltools.arm-none.win32_1.17.0.201812190825/tools/compiler/bin/../lib/gcc/arm-none-eabi/7.3.1/../../../../arm-none-eabi/lib/thumb/v7-m\libc_nano.a(lib_a-mlock.o)
                0x080022f6                __malloc_unlock
 .text._malloc_usable_size_r
                0x080022f8       0x10 a:/stm32/workbench/plugins/fr.ac6.mcu.externaltools.arm-none.win32_1.17.0.201812190825/tools/compiler/bin/../lib/gcc/arm-none-eabi/7.3.1/../../../../arm-none-eabi/lib/thumb/v7-m\libc_nano.a(lib_a-nano-msizer.o)
                0x080022f8                _malloc_usable_size_r
 *(.glue_7)
 .glue_7        0x08002308        0x0 linker stubs
 *(.glue_7t)
 .glue_7t       0x08002308        0x0 linker stubs
 *(.eh_frame)
 .eh_frame      0x08002308        0x0 a:/stm32/workbench/plugins/fr.ac6.mcu.externaltools.arm-none.win32_1.17.0.201812190825/tools/compiler/bin/../lib/gcc/arm-none-eabi/7.3.1/thumb/v7-m/crtbegin.o
 *(.init)
 .init          0x08002308        0x4 a:/stm32/workbench/plugins/fr.ac6.mcu.externaltools.arm-none.win32_1.17.0.201812190825/tools/compiler/bin/../lib/gcc/arm-none-eabi/7.3.1/thumb/v7-m/crti.o
                0x08002308                _init
 .init          0x0800230c        0x8 a:/stm32/workbench/plugins/fr.ac6.mcu.externaltools.arm-none.win32_1.17.0.201812190825/tools/compiler/bin/../lib/gcc/arm-none-eabi/7.3.1/thumb/v7-m/crtn.o
 *(.fini)
 .fini          0x08002314        0x4 a:/stm32/workbench/plugins/fr.ac6.mcu.externaltools.arm-none.win32_1.17.0.201812190825/tools/compiler/bin/../lib/gcc/arm-none-eabi/7.3.1/thumb/v7-m/crti.o
                0x08002314                _fini
 .fini          0x08002318        0x8 a:/stm32/workbench/plugins/fr.ac6.mcu.externaltools.arm-none.win32_1.17.0.201812190825/tools/compiler/bin/../lib/gcc/arm-none-eabi/7.3.1/thumb/v7-m/crtn.o
                0x08002320                . = ALIGN (0x4)
                0x08002320                _etext = .

.vfp11_veneer   0x08002320        0x0
 .vfp11_veneer  0x08002320        0x0 linker stubs

.v4_bx          0x08002320        0x0
 .v4_bx         0x08002320        0x0 linker stubs

.iplt           0x08002320        0x0
 .iplt          0x08002320        0x0 a:/stm32/workbench/plugins/fr.ac6.mcu.externaltools.arm-none.win32_1.17.0.201812190825/tools/compiler/bin/../lib/gcc/arm-none-eabi/7.3.1/thumb/v7-m/crtbegin.o

.rodata         0x08002320     0x27f0
                0x08002320                . = ALIGN (0x4)
 *(.rodata)
 .rodata        0x08002320       0x12 Drivers/STM32F1xx_HAL_Driver/Src/stm32f1xx_hal_rcc.o
 *fill*         0x08002332        0x2 
 .rodata        0x08002334     0x11e0 Src/font/font.o
                0x08002334                font8x14
                0x08003334                font5x8
 .rodata        0x08003514       0x18 Src/system_stm32f1xx.o
                0x08003514                AHBPrescTable
                0x08003524                APBPrescTable
 .rodata        0x0800352c     0x15a8 Src/userMain.o
                0x0800352c                NARA1
                0x08003724                NARA2
                0x0800391c                THUGLIFE1
                0x08003b14                ZOSIA
                0x08003d0c                SEBA1
                0x08003f04                BART1
                0x080040fc                BACKGROUND_WHITE
                0x080042f4                RACCOON
                0x080044ec                MIRON1
                0x080046e4                KON
                0x080048dc                BACKGROUND_BLACK
 *(.rodata*)
 .rodata.str1.4
                0x08004ad4        0x8 Src/userMain.o
                                  0x7 (size before relaxing)
 .rodata._svfprintf_r.str1.1
                0x08004adc       0x11 a:/stm32/workbench/plugins/fr.ac6.mcu.externaltools.arm-none.win32_1.17.0.201812190825/tools/compiler/bin/../lib/gcc/arm-none-eabi/7.3.1/../../../../arm-none-eabi/lib/thumb/v7-m\libc_nano.a(lib_a-nano-svfprintf.o)
 .rodata._printf_i.str1.1
                0x08004aed       0x22 a:/stm32/workbench/plugins/fr.ac6.mcu.externaltools.arm-none.win32_1.17.0.201812190825/tools/compiler/bin/../lib/gcc/arm-none-eabi/7.3.1/../../../../arm-none-eabi/lib/thumb/v7-m\libc_nano.a(lib_a-nano-vfprintf_i.o)
                0x08004b10                . = ALIGN (0x4)
 *fill*         0x08004b0f        0x1 

.rel.dyn        0x08004b10        0x0
 .rel.iplt      0x08004b10        0x0 a:/stm32/workbench/plugins/fr.ac6.mcu.externaltools.arm-none.win32_1.17.0.201812190825/tools/compiler/bin/../lib/gcc/arm-none-eabi/7.3.1/thumb/v7-m/crtbegin.o

.ARM.extab
 *(.ARM.extab* .gnu.linkonce.armextab.*)

.ARM            0x08004b10        0x0
                0x08004b10                __exidx_start = .
 *(.ARM.exidx*)
                0x08004b10                __exidx_end = .

.preinit_array  0x08004b10        0x0
                0x08004b10                PROVIDE (__preinit_array_start = .)
 *(.preinit_array*)
                0x08004b10                PROVIDE (__preinit_array_end = .)

.init_array     0x08004b10        0x4
                0x08004b10                PROVIDE (__init_array_start = .)
 *(SORT_BY_NAME(.init_array.*))
 *(.init_array*)
 .init_array    0x08004b10        0x4 a:/stm32/workbench/plugins/fr.ac6.mcu.externaltools.arm-none.win32_1.17.0.201812190825/tools/compiler/bin/../lib/gcc/arm-none-eabi/7.3.1/thumb/v7-m/crtbegin.o
                0x08004b14                PROVIDE (__init_array_end = .)

.fini_array     0x08004b14        0x4
                [!provide]                PROVIDE (__fini_array_start = .)
 *(SORT_BY_NAME(.fini_array.*))
 *(.fini_array*)
 .fini_array    0x08004b14        0x4 a:/stm32/workbench/plugins/fr.ac6.mcu.externaltools.arm-none.win32_1.17.0.201812190825/tools/compiler/bin/../lib/gcc/arm-none-eabi/7.3.1/thumb/v7-m/crtbegin.o
                [!provide]                PROVIDE (__fini_array_end = .)
                0x08004b18                _sidata = LOADADDR (.data)

.data           0x20000000       0x70 load address 0x08004b18
                0x20000000                . = ALIGN (0x4)
                0x20000000                _sdata = .
 *(.data)
 .data          0x20000000        0x8 Drivers/STM32F1xx_HAL_Driver/Src/stm32f1xx_hal.o
                0x20000000                uwTickFreq
                0x20000004                uwTickPrio
 .data          0x20000008        0x4 Src/system_stm32f1xx.o
                0x20000008                SystemCoreClock
 *(.data*)
 .data._impure_ptr
                0x2000000c        0x4 a:/stm32/workbench/plugins/fr.ac6.mcu.externaltools.arm-none.win32_1.17.0.201812190825/tools/compiler/bin/../lib/gcc/arm-none-eabi/7.3.1/../../../../arm-none-eabi/lib/thumb/v7-m\libc_nano.a(lib_a-impure.o)
                0x2000000c                _impure_ptr
 .data.impure_data
                0x20000010       0x60 a:/stm32/workbench/plugins/fr.ac6.mcu.externaltools.arm-none.win32_1.17.0.201812190825/tools/compiler/bin/../lib/gcc/arm-none-eabi/7.3.1/../../../../arm-none-eabi/lib/thumb/v7-m\libc_nano.a(lib_a-impure.o)
                0x20000070                . = ALIGN (0x4)
                0x20000070                _edata = .

.igot.plt       0x20000070        0x0 load address 0x08004b88
 .igot.plt      0x20000070        0x0 a:/stm32/workbench/plugins/fr.ac6.mcu.externaltools.arm-none.win32_1.17.0.201812190825/tools/compiler/bin/../lib/gcc/arm-none-eabi/7.3.1/thumb/v7-m/crtbegin.o
                0x20000070                . = ALIGN (0x4)

.bss            0x20000070      0x2d4 load address 0x08004b88
                0x20000070                _sbss = .
                0x20000070                __bss_start__ = _sbss
 *(.bss)
 .bss           0x20000070       0x1c a:/stm32/workbench/plugins/fr.ac6.mcu.externaltools.arm-none.win32_1.17.0.201812190825/tools/compiler/bin/../lib/gcc/arm-none-eabi/7.3.1/thumb/v7-m/crtbegin.o
 .bss           0x2000008c        0x8 Src/syscalls.o
                0x20000090                __env
 .bss           0x20000094      0x1f8 Src/lcd/lcd.o
 *(.bss*)
 .bss.__malloc_free_list
                0x2000028c        0x4 a:/stm32/workbench/plugins/fr.ac6.mcu.externaltools.arm-none.win32_1.17.0.201812190825/tools/compiler/bin/../lib/gcc/arm-none-eabi/7.3.1/../../../../arm-none-eabi/lib/thumb/v7-m\libc_nano.a(lib_a-nano-mallocr.o)
                0x2000028c                __malloc_free_list
 .bss.__malloc_sbrk_start
                0x20000290        0x4 a:/stm32/workbench/plugins/fr.ac6.mcu.externaltools.arm-none.win32_1.17.0.201812190825/tools/compiler/bin/../lib/gcc/arm-none-eabi/7.3.1/../../../../arm-none-eabi/lib/thumb/v7-m\libc_nano.a(lib_a-nano-mallocr.o)
                0x20000290                __malloc_sbrk_start
 *(COMMON)
 COMMON         0x20000294        0x4 Drivers/STM32F1xx_HAL_Driver/Src/stm32f1xx_hal.o
                0x20000294                uwTick
 COMMON         0x20000298       0x58 Src/spi.o
                0x20000298                hspi2
 COMMON         0x200002f0       0x48 Src/tim.o
                0x200002f0                htim2
 COMMON         0x20000338        0x5 Src/userMain.o
                0x20000338                hygr_int
                0x20000339                temp_int
                0x2000033a                hygr_dec
                0x2000033b                checksum
                0x2000033c                temp_dec
 *fill*         0x2000033d        0x3 
 COMMON         0x20000340        0x4 a:/stm32/workbench/plugins/fr.ac6.mcu.externaltools.arm-none.win32_1.17.0.201812190825/tools/compiler/bin/../lib/gcc/arm-none-eabi/7.3.1/../../../../arm-none-eabi/lib/thumb/v7-m\libc_nano.a(lib_a-reent.o)
                0x20000340                errno
                0x20000344                . = ALIGN (0x4)
                0x20000344                _ebss = .
                0x20000344                __bss_end__ = _ebss

._user_heap_stack
                0x20000344      0x604 load address 0x08004b88
                0x20000348                . = ALIGN (0x8)
 *fill*         0x20000344        0x4 
                0x20000348                PROVIDE (end = .)
                [!provide]                PROVIDE (_end = .)
                0x20000548                . = (. + _Min_Heap_Size)
 *fill*         0x20000348      0x200 
                0x20000948                . = (. + _Min_Stack_Size)
 *fill*         0x20000548      0x400 
                0x20000948                . = ALIGN (0x8)

/DISCARD/
 libc.a(*)
 libm.a(*)
 libgcc.a(*)

.ARM.attributes
                0x00000000       0x29
 *(.ARM.attributes)
 .ARM.attributes
                0x00000000       0x1d a:/stm32/workbench/plugins/fr.ac6.mcu.externaltools.arm-none.win32_1.17.0.201812190825/tools/compiler/bin/../lib/gcc/arm-none-eabi/7.3.1/thumb/v7-m/crti.o
 .ARM.attributes
                0x0000001d       0x2d a:/stm32/workbench/plugins/fr.ac6.mcu.externaltools.arm-none.win32_1.17.0.201812190825/tools/compiler/bin/../lib/gcc/arm-none-eabi/7.3.1/thumb/v7-m/crtbegin.o
 .ARM.attributes
                0x0000004a       0x33 Drivers/STM32F1xx_HAL_Driver/Src/stm32f1xx_hal.o
 .ARM.attributes
                0x0000007d       0x33 Drivers/STM32F1xx_HAL_Driver/Src/stm32f1xx_hal_cortex.o
 .ARM.attributes
                0x000000b0       0x33 Drivers/STM32F1xx_HAL_Driver/Src/stm32f1xx_hal_gpio.o
 .ARM.attributes
                0x000000e3       0x33 Drivers/STM32F1xx_HAL_Driver/Src/stm32f1xx_hal_rcc.o
 .ARM.attributes
                0x00000116       0x33 Drivers/STM32F1xx_HAL_Driver/Src/stm32f1xx_hal_spi.o
 .ARM.attributes
                0x00000149       0x33 Drivers/STM32F1xx_HAL_Driver/Src/stm32f1xx_hal_tim.o
 .ARM.attributes
                0x0000017c       0x33 Drivers/STM32F1xx_HAL_Driver/Src/stm32f1xx_hal_tim_ex.o
 .ARM.attributes
                0x000001af       0x33 Src/DHT11/DHT11.o
 .ARM.attributes
                0x000001e2       0x33 Src/DWT_STM32/dwt_stm32_delay.o
 .ARM.attributes
                0x00000215       0x33 Src/font/font.o
 .ARM.attributes
                0x00000248       0x33 Src/gpio.o
 .ARM.attributes
                0x0000027b       0x33 Src/main.o
 .ARM.attributes
                0x000002ae       0x33 Src/spi.o
 .ARM.attributes
                0x000002e1       0x33 Src/stm32f1xx_hal_msp.o
 .ARM.attributes
                0x00000314       0x33 Src/stm32f1xx_it.o
 .ARM.attributes
                0x00000347       0x33 Src/syscalls.o
 .ARM.attributes
                0x0000037a       0x33 Src/system_stm32f1xx.o
 .ARM.attributes
                0x000003ad       0x33 Src/tim.o
 .ARM.attributes
                0x000003e0       0x33 Src/userMain.o
 .ARM.attributes
                0x00000413       0x33 Src/lcd/lcd.o
 .ARM.attributes
                0x00000446       0x21 startup/startup_stm32f103xb.o
 .ARM.attributes
                0x00000467       0x2d a:/stm32/workbench/plugins/fr.ac6.mcu.externaltools.arm-none.win32_1.17.0.201812190825/tools/compiler/bin/../lib/gcc/arm-none-eabi/7.3.1/../../../../arm-none-eabi/lib/thumb/v7-m\libc_nano.a(lib_a-errno.o)
 .ARM.attributes
                0x00000494       0x2d a:/stm32/workbench/plugins/fr.ac6.mcu.externaltools.arm-none.win32_1.17.0.201812190825/tools/compiler/bin/../lib/gcc/arm-none-eabi/7.3.1/../../../../arm-none-eabi/lib/thumb/v7-m\libc_nano.a(lib_a-impure.o)
 .ARM.attributes
                0x000004c1       0x2d a:/stm32/workbench/plugins/fr.ac6.mcu.externaltools.arm-none.win32_1.17.0.201812190825/tools/compiler/bin/../lib/gcc/arm-none-eabi/7.3.1/../../../../arm-none-eabi/lib/thumb/v7-m\libc_nano.a(lib_a-init.o)
 .ARM.attributes
                0x000004ee       0x2d a:/stm32/workbench/plugins/fr.ac6.mcu.externaltools.arm-none.win32_1.17.0.201812190825/tools/compiler/bin/../lib/gcc/arm-none-eabi/7.3.1/../../../../arm-none-eabi/lib/thumb/v7-m\libc_nano.a(lib_a-memcpy-stub.o)
 .ARM.attributes
                0x0000051b       0x2d a:/stm32/workbench/plugins/fr.ac6.mcu.externaltools.arm-none.win32_1.17.0.201812190825/tools/compiler/bin/../lib/gcc/arm-none-eabi/7.3.1/../../../../arm-none-eabi/lib/thumb/v7-m\libc_nano.a(lib_a-memset.o)
 .ARM.attributes
                0x00000548       0x2d a:/stm32/workbench/plugins/fr.ac6.mcu.externaltools.arm-none.win32_1.17.0.201812190825/tools/compiler/bin/../lib/gcc/arm-none-eabi/7.3.1/../../../../arm-none-eabi/lib/thumb/v7-m\libc_nano.a(lib_a-sprintf.o)
 .ARM.attributes
                0x00000575       0x2d a:/stm32/workbench/plugins/fr.ac6.mcu.externaltools.arm-none.win32_1.17.0.201812190825/tools/compiler/bin/../lib/gcc/arm-none-eabi/7.3.1/../../../../arm-none-eabi/lib/thumb/v7-m\libc_nano.a(lib_a-nano-svfprintf.o)
 .ARM.attributes
                0x000005a2       0x2d a:/stm32/workbench/plugins/fr.ac6.mcu.externaltools.arm-none.win32_1.17.0.201812190825/tools/compiler/bin/../lib/gcc/arm-none-eabi/7.3.1/../../../../arm-none-eabi/lib/thumb/v7-m\libc_nano.a(lib_a-nano-vfprintf_i.o)
 .ARM.attributes
                0x000005cf       0x2d a:/stm32/workbench/plugins/fr.ac6.mcu.externaltools.arm-none.win32_1.17.0.201812190825/tools/compiler/bin/../lib/gcc/arm-none-eabi/7.3.1/../../../../arm-none-eabi/lib/thumb/v7-m\libc_nano.a(lib_a-memchr-stub.o)
 .ARM.attributes
                0x000005fc       0x2d a:/stm32/workbench/plugins/fr.ac6.mcu.externaltools.arm-none.win32_1.17.0.201812190825/tools/compiler/bin/../lib/gcc/arm-none-eabi/7.3.1/../../../../arm-none-eabi/lib/thumb/v7-m\libc_nano.a(lib_a-memmove.o)
 .ARM.attributes
                0x00000629       0x2d a:/stm32/workbench/plugins/fr.ac6.mcu.externaltools.arm-none.win32_1.17.0.201812190825/tools/compiler/bin/../lib/gcc/arm-none-eabi/7.3.1/../../../../arm-none-eabi/lib/thumb/v7-m\libc_nano.a(lib_a-nano-freer.o)
 .ARM.attributes
                0x00000656       0x2d a:/stm32/workbench/plugins/fr.ac6.mcu.externaltools.arm-none.win32_1.17.0.201812190825/tools/compiler/bin/../lib/gcc/arm-none-eabi/7.3.1/../../../../arm-none-eabi/lib/thumb/v7-m\libc_nano.a(lib_a-nano-mallocr.o)
 .ARM.attributes
                0x00000683       0x2d a:/stm32/workbench/plugins/fr.ac6.mcu.externaltools.arm-none.win32_1.17.0.201812190825/tools/compiler/bin/../lib/gcc/arm-none-eabi/7.3.1/../../../../arm-none-eabi/lib/thumb/v7-m\libc_nano.a(lib_a-nano-reallocr.o)
 .ARM.attributes
                0x000006b0       0x2d a:/stm32/workbench/plugins/fr.ac6.mcu.externaltools.arm-none.win32_1.17.0.201812190825/tools/compiler/bin/../lib/gcc/arm-none-eabi/7.3.1/../../../../arm-none-eabi/lib/thumb/v7-m\libc_nano.a(lib_a-sbrkr.o)
 .ARM.attributes
                0x000006dd       0x2d a:/stm32/workbench/plugins/fr.ac6.mcu.externaltools.arm-none.win32_1.17.0.201812190825/tools/compiler/bin/../lib/gcc/arm-none-eabi/7.3.1/../../../../arm-none-eabi/lib/thumb/v7-m\libc_nano.a(lib_a-mlock.o)
 .ARM.attributes
                0x0000070a       0x2d a:/stm32/workbench/plugins/fr.ac6.mcu.externaltools.arm-none.win32_1.17.0.201812190825/tools/compiler/bin/../lib/gcc/arm-none-eabi/7.3.1/../../../../arm-none-eabi/lib/thumb/v7-m\libc_nano.a(lib_a-nano-msizer.o)
 .ARM.attributes
                0x00000737       0x2d a:/stm32/workbench/plugins/fr.ac6.mcu.externaltools.arm-none.win32_1.17.0.201812190825/tools/compiler/bin/../lib/gcc/arm-none-eabi/7.3.1/../../../../arm-none-eabi/lib/thumb/v7-m\libc_nano.a(lib_a-reent.o)
 .ARM.attributes
                0x00000764       0x1d a:/stm32/workbench/plugins/fr.ac6.mcu.externaltools.arm-none.win32_1.17.0.201812190825/tools/compiler/bin/../lib/gcc/arm-none-eabi/7.3.1/thumb/v7-m/crtn.o
OUTPUT(13_LCDHygroTemp.elf elf32-littlearm)

.debug_info     0x00000000    0x103ac
 .debug_info    0x00000000      0x7c0 Drivers/STM32F1xx_HAL_Driver/Src/stm32f1xx_hal.o
 .debug_info    0x000007c0      0xcb5 Drivers/STM32F1xx_HAL_Driver/Src/stm32f1xx_hal_cortex.o
 .debug_info    0x00001475      0x6ab Drivers/STM32F1xx_HAL_Driver/Src/stm32f1xx_hal_gpio.o
 .debug_info    0x00001b20      0x9ef Drivers/STM32F1xx_HAL_Driver/Src/stm32f1xx_hal_rcc.o
 .debug_info    0x0000250f     0x1b1c Drivers/STM32F1xx_HAL_Driver/Src/stm32f1xx_hal_spi.o
 .debug_info    0x0000402b     0x3554 Drivers/STM32F1xx_HAL_Driver/Src/stm32f1xx_hal_tim.o
 .debug_info    0x0000757f     0x1787 Drivers/STM32F1xx_HAL_Driver/Src/stm32f1xx_hal_tim_ex.o
 .debug_info    0x00008d06      0x74b Src/DHT11/DHT11.o
 .debug_info    0x00009451      0x326 Src/DWT_STM32/dwt_stm32_delay.o
 .debug_info    0x00009777       0xdf Src/font/font.o
 .debug_info    0x00009856      0x444 Src/gpio.o
 .debug_info    0x00009c9a      0xb82 Src/main.o
 .debug_info    0x0000a81c      0x89e Src/spi.o
 .debug_info    0x0000b0ba      0x2d5 Src/stm32f1xx_hal_msp.o
 .debug_info    0x0000b38f      0x777 Src/stm32f1xx_it.o
 .debug_info    0x0000bb06      0xfd3 Src/syscalls.o
 .debug_info    0x0000cad9      0x29d Src/system_stm32f1xx.o
 .debug_info    0x0000cd76      0xab0 Src/tim.o
 .debug_info    0x0000d826     0x1760 Src/userMain.o
 .debug_info    0x0000ef86     0x1404 Src/lcd/lcd.o
 .debug_info    0x0001038a       0x22 startup/startup_stm32f103xb.o

.debug_abbrev   0x00000000     0x2746
 .debug_abbrev  0x00000000      0x1ed Drivers/STM32F1xx_HAL_Driver/Src/stm32f1xx_hal.o
 .debug_abbrev  0x000001ed      0x303 Drivers/STM32F1xx_HAL_Driver/Src/stm32f1xx_hal_cortex.o
 .debug_abbrev  0x000004f0      0x1de Drivers/STM32F1xx_HAL_Driver/Src/stm32f1xx_hal_gpio.o
 .debug_abbrev  0x000006ce      0x257 Drivers/STM32F1xx_HAL_Driver/Src/stm32f1xx_hal_rcc.o
 .debug_abbrev  0x00000925      0x238 Drivers/STM32F1xx_HAL_Driver/Src/stm32f1xx_hal_spi.o
 .debug_abbrev  0x00000b5d      0x237 Drivers/STM32F1xx_HAL_Driver/Src/stm32f1xx_hal_tim.o
 .debug_abbrev  0x00000d94      0x246 Drivers/STM32F1xx_HAL_Driver/Src/stm32f1xx_hal_tim_ex.o
 .debug_abbrev  0x00000fda      0x25f Src/DHT11/DHT11.o
 .debug_abbrev  0x00001239       0xd9 Src/DWT_STM32/dwt_stm32_delay.o
 .debug_abbrev  0x00001312       0x72 Src/font/font.o
 .debug_abbrev  0x00001384      0x162 Src/gpio.o
 .debug_abbrev  0x000014e6      0x212 Src/main.o
 .debug_abbrev  0x000016f8      0x1c9 Src/spi.o
 .debug_abbrev  0x000018c1      0x109 Src/stm32f1xx_hal_msp.o
 .debug_abbrev  0x000019ca      0x178 Src/stm32f1xx_it.o
 .debug_abbrev  0x00001b42      0x2d4 Src/syscalls.o
 .debug_abbrev  0x00001e16      0x134 Src/system_stm32f1xx.o
 .debug_abbrev  0x00001f4a      0x1d4 Src/tim.o
 .debug_abbrev  0x0000211e      0x317 Src/userMain.o
 .debug_abbrev  0x00002435      0x2ff Src/lcd/lcd.o
 .debug_abbrev  0x00002734       0x12 startup/startup_stm32f103xb.o

.debug_loc      0x00000000     0x96fb
 .debug_loc     0x00000000      0x11b Drivers/STM32F1xx_HAL_Driver/Src/stm32f1xx_hal.o
 .debug_loc     0x0000011b      0x5ad Drivers/STM32F1xx_HAL_Driver/Src/stm32f1xx_hal_cortex.o
 .debug_loc     0x000006c8      0x3d8 Drivers/STM32F1xx_HAL_Driver/Src/stm32f1xx_hal_gpio.o
 .debug_loc     0x00000aa0      0x4bb Drivers/STM32F1xx_HAL_Driver/Src/stm32f1xx_hal_rcc.o
 .debug_loc     0x00000f5b     0x19e5 Drivers/STM32F1xx_HAL_Driver/Src/stm32f1xx_hal_spi.o
 .debug_loc     0x00002940     0x46c3 Drivers/STM32F1xx_HAL_Driver/Src/stm32f1xx_hal_tim.o
 .debug_loc     0x00007003     0x1a68 Drivers/STM32F1xx_HAL_Driver/Src/stm32f1xx_hal_tim_ex.o
 .debug_loc     0x00008a6b      0x1cb Src/DHT11/DHT11.o
 .debug_loc     0x00008c36       0x74 Src/spi.o
 .debug_loc     0x00008caa      0x3af Src/syscalls.o
 .debug_loc     0x00009059       0xdf Src/system_stm32f1xx.o
 .debug_loc     0x00009138       0x5b Src/tim.o
 .debug_loc     0x00009193       0x9a Src/userMain.o
 .debug_loc     0x0000922d      0x4ce Src/lcd/lcd.o

.debug_aranges  0x00000000      0xca8
 .debug_aranges
                0x00000000       0xe0 Drivers/STM32F1xx_HAL_Driver/Src/stm32f1xx_hal.o
 .debug_aranges
                0x000000e0       0x90 Drivers/STM32F1xx_HAL_Driver/Src/stm32f1xx_hal_cortex.o
 .debug_aranges
                0x00000170       0x58 Drivers/STM32F1xx_HAL_Driver/Src/stm32f1xx_hal_gpio.o
 .debug_aranges
                0x000001c8       0x90 Drivers/STM32F1xx_HAL_Driver/Src/stm32f1xx_hal_rcc.o
 .debug_aranges
                0x00000258      0x1d0 Drivers/STM32F1xx_HAL_Driver/Src/stm32f1xx_hal_spi.o
 .debug_aranges
                0x00000428      0x3d0 Drivers/STM32F1xx_HAL_Driver/Src/stm32f1xx_hal_tim.o
 .debug_aranges
                0x000007f8      0x168 Drivers/STM32F1xx_HAL_Driver/Src/stm32f1xx_hal_tim_ex.o
 .debug_aranges
                0x00000960       0x40 Src/DHT11/DHT11.o
 .debug_aranges
                0x000009a0       0x20 Src/DWT_STM32/dwt_stm32_delay.o
 .debug_aranges
                0x000009c0       0x18 Src/font/font.o
 .debug_aranges
                0x000009d8       0x20 Src/gpio.o
 .debug_aranges
                0x000009f8       0x30 Src/main.o
 .debug_aranges
                0x00000a28       0x30 Src/spi.o
 .debug_aranges
                0x00000a58       0x20 Src/stm32f1xx_hal_msp.o
 .debug_aranges
                0x00000a78       0x68 Src/stm32f1xx_it.o
 .debug_aranges
                0x00000ae0       0xb0 Src/syscalls.o
 .debug_aranges
                0x00000b90       0x28 Src/system_stm32f1xx.o
 .debug_aranges
                0x00000bb8       0x30 Src/tim.o
 .debug_aranges
                0x00000be8       0x38 Src/userMain.o
 .debug_aranges
                0x00000c20       0x60 Src/lcd/lcd.o
 .debug_aranges
                0x00000c80       0x28 startup/startup_stm32f103xb.o

.debug_ranges   0x00000000      0xc38
 .debug_ranges  0x00000000       0xd0 Drivers/STM32F1xx_HAL_Driver/Src/stm32f1xx_hal.o
 .debug_ranges  0x000000d0       0xe0 Drivers/STM32F1xx_HAL_Driver/Src/stm32f1xx_hal_cortex.o
 .debug_ranges  0x000001b0       0x48 Drivers/STM32F1xx_HAL_Driver/Src/stm32f1xx_hal_gpio.o
 .debug_ranges  0x000001f8       0xa0 Drivers/STM32F1xx_HAL_Driver/Src/stm32f1xx_hal_rcc.o
 .debug_ranges  0x00000298      0x1c0 Drivers/STM32F1xx_HAL_Driver/Src/stm32f1xx_hal_spi.o
 .debug_ranges  0x00000458      0x3c0 Drivers/STM32F1xx_HAL_Driver/Src/stm32f1xx_hal_tim.o
 .debug_ranges  0x00000818      0x158 Drivers/STM32F1xx_HAL_Driver/Src/stm32f1xx_hal_tim_ex.o
 .debug_ranges  0x00000970       0x30 Src/DHT11/DHT11.o
 .debug_ranges  0x000009a0       0x10 Src/DWT_STM32/dwt_stm32_delay.o
 .debug_ranges  0x000009b0       0x10 Src/gpio.o
 .debug_ranges  0x000009c0       0x20 Src/main.o
 .debug_ranges  0x000009e0       0x20 Src/spi.o
 .debug_ranges  0x00000a00       0x10 Src/stm32f1xx_hal_msp.o
 .debug_ranges  0x00000a10       0x58 Src/stm32f1xx_it.o
 .debug_ranges  0x00000a68       0xa0 Src/syscalls.o
 .debug_ranges  0x00000b08       0x18 Src/system_stm32f1xx.o
 .debug_ranges  0x00000b20       0x20 Src/tim.o
 .debug_ranges  0x00000b40       0x28 Src/userMain.o
 .debug_ranges  0x00000b68       0xb0 Src/lcd/lcd.o
 .debug_ranges  0x00000c18       0x20 startup/startup_stm32f103xb.o

.debug_macro    0x00000000    0x18f35
 .debug_macro   0x00000000      0x1c7 Drivers/STM32F1xx_HAL_Driver/Src/stm32f1xx_hal.o
 .debug_macro   0x000001c7      0xa54 Drivers/STM32F1xx_HAL_Driver/Src/stm32f1xx_hal.o
 .debug_macro   0x00000c1b      0x21b Drivers/STM32F1xx_HAL_Driver/Src/stm32f1xx_hal.o
 .debug_macro   0x00000e36       0x2e Drivers/STM32F1xx_HAL_Driver/Src/stm32f1xx_hal.o
 .debug_macro   0x00000e64       0x22 Drivers/STM32F1xx_HAL_Driver/Src/stm32f1xx_hal.o
 .debug_macro   0x00000e86       0x22 Drivers/STM32F1xx_HAL_Driver/Src/stm32f1xx_hal.o
 .debug_macro   0x00000ea8       0x8e Drivers/STM32F1xx_HAL_Driver/Src/stm32f1xx_hal.o
 .debug_macro   0x00000f36       0x51 Drivers/STM32F1xx_HAL_Driver/Src/stm32f1xx_hal.o
 .debug_macro   0x00000f87       0xef Drivers/STM32F1xx_HAL_Driver/Src/stm32f1xx_hal.o
 .debug_macro   0x00001076       0x6a Drivers/STM32F1xx_HAL_Driver/Src/stm32f1xx_hal.o
 .debug_macro   0x000010e0      0x1df Drivers/STM32F1xx_HAL_Driver/Src/stm32f1xx_hal.o
 .debug_macro   0x000012bf       0x1c Drivers/STM32F1xx_HAL_Driver/Src/stm32f1xx_hal.o
 .debug_macro   0x000012db       0x22 Drivers/STM32F1xx_HAL_Driver/Src/stm32f1xx_hal.o
 .debug_macro   0x000012fd       0xc3 Drivers/STM32F1xx_HAL_Driver/Src/stm32f1xx_hal.o
 .debug_macro   0x000013c0      0xd23 Drivers/STM32F1xx_HAL_Driver/Src/stm32f1xx_hal.o
 .debug_macro   0x000020e3     0xe097 Drivers/STM32F1xx_HAL_Driver/Src/stm32f1xx_hal.o
 .debug_macro   0x0001017a       0x43 Drivers/STM32F1xx_HAL_Driver/Src/stm32f1xx_hal.o
 .debug_macro   0x000101bd     0x3468 Drivers/STM32F1xx_HAL_Driver/Src/stm32f1xx_hal.o
 .debug_macro   0x00013625      0x174 Drivers/STM32F1xx_HAL_Driver/Src/stm32f1xx_hal.o
 .debug_macro   0x00013799       0x5c Drivers/STM32F1xx_HAL_Driver/Src/stm32f1xx_hal.o
 .debug_macro   0x000137f5      0x5be Drivers/STM32F1xx_HAL_Driver/Src/stm32f1xx_hal.o
 .debug_macro   0x00013db3      0x289 Drivers/STM32F1xx_HAL_Driver/Src/stm32f1xx_hal.o
 .debug_macro   0x0001403c      0x1cb Drivers/STM32F1xx_HAL_Driver/Src/stm32f1xx_hal.o
 .debug_macro   0x00014207      0x114 Drivers/STM32F1xx_HAL_Driver/Src/stm32f1xx_hal.o
 .debug_macro   0x0001431b      0x1b2 Drivers/STM32F1xx_HAL_Driver/Src/stm32f1xx_hal.o
 .debug_macro   0x000144cd       0x27 Drivers/STM32F1xx_HAL_Driver/Src/stm32f1xx_hal.o
 .debug_macro   0x000144f4      0x136 Drivers/STM32F1xx_HAL_Driver/Src/stm32f1xx_hal.o
 .debug_macro   0x0001462a      0x1bc Drivers/STM32F1xx_HAL_Driver/Src/stm32f1xx_hal.o
 .debug_macro   0x000147e6       0x34 Drivers/STM32F1xx_HAL_Driver/Src/stm32f1xx_hal.o
 .debug_macro   0x0001481a       0x3c Drivers/STM32F1xx_HAL_Driver/Src/stm32f1xx_hal.o
 .debug_macro   0x00014856       0x57 Drivers/STM32F1xx_HAL_Driver/Src/stm32f1xx_hal.o
 .debug_macro   0x000148ad       0x88 Drivers/STM32F1xx_HAL_Driver/Src/stm32f1xx_hal.o
 .debug_macro   0x00014935      0x241 Drivers/STM32F1xx_HAL_Driver/Src/stm32f1xx_hal.o
 .debug_macro   0x00014b76      0x141 Drivers/STM32F1xx_HAL_Driver/Src/stm32f1xx_hal.o
 .debug_macro   0x00014cb7      0x217 Drivers/STM32F1xx_HAL_Driver/Src/stm32f1xx_hal.o
 .debug_macro   0x00014ece      0x8d1 Drivers/STM32F1xx_HAL_Driver/Src/stm32f1xx_hal.o
 .debug_macro   0x0001579f       0x83 Drivers/STM32F1xx_HAL_Driver/Src/stm32f1xx_hal.o
 .debug_macro   0x00015822      0x1a3 Drivers/STM32F1xx_HAL_Driver/Src/stm32f1xx_hal_cortex.o
 .debug_macro   0x000159c5      0x20e Drivers/STM32F1xx_HAL_Driver/Src/stm32f1xx_hal_gpio.o
 .debug_macro   0x00015bd3      0x1b5 Drivers/STM32F1xx_HAL_Driver/Src/stm32f1xx_hal_rcc.o
 .debug_macro   0x00015d88      0x1ab Drivers/STM32F1xx_HAL_Driver/Src/stm32f1xx_hal_spi.o
 .debug_macro   0x00015f33      0x1a4 Drivers/STM32F1xx_HAL_Driver/Src/stm32f1xx_hal_tim.o
 .debug_macro   0x000160d7      0x1a3 Drivers/STM32F1xx_HAL_Driver/Src/stm32f1xx_hal_tim_ex.o
 .debug_macro   0x0001627a      0x1cc Src/DHT11/DHT11.o
 .debug_macro   0x00016446       0x4c Src/DHT11/DHT11.o
 .debug_macro   0x00016492      0x1ad Src/DWT_STM32/dwt_stm32_delay.o
 .debug_macro   0x0001663f       0x6d Src/font/font.o
 .debug_macro   0x000166ac      0x1bc Src/gpio.o
 .debug_macro   0x00016868      0x1d4 Src/main.o
 .debug_macro   0x00016a3c      0x1bc Src/spi.o
 .debug_macro   0x00016bf8      0x1b2 Src/stm32f1xx_hal_msp.o
 .debug_macro   0x00016daa      0x1bc Src/stm32f1xx_it.o
 .debug_macro   0x00016f66      0x243 Src/syscalls.o
 .debug_macro   0x000171a9       0x58 Src/syscalls.o
 .debug_macro   0x00017201       0x18 Src/syscalls.o
 .debug_macro   0x00017219       0x94 Src/syscalls.o
 .debug_macro   0x000172ad       0x35 Src/syscalls.o
 .debug_macro   0x000172e2       0x34 Src/syscalls.o
 .debug_macro   0x00017316       0x57 Src/syscalls.o
 .debug_macro   0x0001736d      0x330 Src/syscalls.o
 .debug_macro   0x0001769d       0x58 Src/syscalls.o
 .debug_macro   0x000176f5       0x1f Src/syscalls.o
 .debug_macro   0x00017714       0x43 Src/syscalls.o
 .debug_macro   0x00017757       0x20 Src/syscalls.o
 .debug_macro   0x00017777      0x18e Src/syscalls.o
 .debug_macro   0x00017905       0x10 Src/syscalls.o
 .debug_macro   0x00017915       0x35 Src/syscalls.o
 .debug_macro   0x0001794a       0x10 Src/syscalls.o
 .debug_macro   0x0001795a       0x10 Src/syscalls.o
 .debug_macro   0x0001796a       0x10 Src/syscalls.o
 .debug_macro   0x0001797a       0x1c Src/syscalls.o
 .debug_macro   0x00017996       0x52 Src/syscalls.o
 .debug_macro   0x000179e8       0x40 Src/syscalls.o
 .debug_macro   0x00017a28       0x10 Src/syscalls.o
 .debug_macro   0x00017a38       0x40 Src/syscalls.o
 .debug_macro   0x00017a78       0xd7 Src/syscalls.o
 .debug_macro   0x00017b4f       0x1c Src/syscalls.o
 .debug_macro   0x00017b6b       0x3d Src/syscalls.o
 .debug_macro   0x00017ba8       0x35 Src/syscalls.o
 .debug_macro   0x00017bdd      0x122 Src/syscalls.o
 .debug_macro   0x00017cff       0x16 Src/syscalls.o
 .debug_macro   0x00017d15       0x16 Src/syscalls.o
 .debug_macro   0x00017d2b       0x29 Src/syscalls.o
 .debug_macro   0x00017d54       0x10 Src/syscalls.o
 .debug_macro   0x00017d64      0x241 Src/syscalls.o
 .debug_macro   0x00017fa5       0x1c Src/syscalls.o
 .debug_macro   0x00017fc1       0x10 Src/syscalls.o
 .debug_macro   0x00017fd1       0x10 Src/syscalls.o
 .debug_macro   0x00017fe1       0x16 Src/syscalls.o
 .debug_macro   0x00017ff7      0x16f Src/syscalls.o
 .debug_macro   0x00018166      0x189 Src/syscalls.o
 .debug_macro   0x000182ef       0x16 Src/syscalls.o
 .debug_macro   0x00018305       0x88 Src/syscalls.o
 .debug_macro   0x0001838d      0x1a3 Src/system_stm32f1xx.o
 .debug_macro   0x00018530      0x1bc Src/tim.o
 .debug_macro   0x000186ec      0x2a2 Src/userMain.o
 .debug_macro   0x0001898e      0x10e Src/userMain.o
 .debug_macro   0x00018a9c       0x8d Src/userMain.o
 .debug_macro   0x00018b29       0xbd Src/userMain.o
 .debug_macro   0x00018be6       0x56 Src/userMain.o
 .debug_macro   0x00018c3c       0x28 Src/userMain.o
 .debug_macro   0x00018c64      0x2c1 Src/lcd/lcd.o
 .debug_macro   0x00018f25       0x10 Src/lcd/lcd.o

.debug_line     0x00000000     0xb89e
 .debug_line    0x00000000      0x80f Drivers/STM32F1xx_HAL_Driver/Src/stm32f1xx_hal.o
 .debug_line    0x0000080f      0x81e Drivers/STM32F1xx_HAL_Driver/Src/stm32f1xx_hal_cortex.o
 .debug_line    0x0000102d      0x7e0 Drivers/STM32F1xx_HAL_Driver/Src/stm32f1xx_hal_gpio.o
 .debug_line    0x0000180d      0x919 Drivers/STM32F1xx_HAL_Driver/Src/stm32f1xx_hal_rcc.o
 .debug_line    0x00002126     0x1095 Drivers/STM32F1xx_HAL_Driver/Src/stm32f1xx_hal_spi.o
 .debug_line    0x000031bb     0x2113 Drivers/STM32F1xx_HAL_Driver/Src/stm32f1xx_hal_tim.o
 .debug_line    0x000052ce     0x12c0 Drivers/STM32F1xx_HAL_Driver/Src/stm32f1xx_hal_tim_ex.o
 .debug_line    0x0000658e      0x712 Src/DHT11/DHT11.o
 .debug_line    0x00006ca0      0x653 Src/DWT_STM32/dwt_stm32_delay.o
 .debug_line    0x000072f3      0x2b0 Src/font/font.o
 .debug_line    0x000075a3      0x647 Src/gpio.o
 .debug_line    0x00007bea      0x685 Src/main.o
 .debug_line    0x0000826f      0x673 Src/spi.o
 .debug_line    0x000088e2      0x637 Src/stm32f1xx_hal_msp.o
 .debug_line    0x00008f19      0x6d8 Src/stm32f1xx_it.o
 .debug_line    0x000095f1      0x5c1 Src/syscalls.o
 .debug_line    0x00009bb2      0x660 Src/system_stm32f1xx.o
 .debug_line    0x0000a212      0x670 Src/tim.o
 .debug_line    0x0000a882      0x7a0 Src/userMain.o
 .debug_line    0x0000b022      0x7ff Src/lcd/lcd.o
 .debug_line    0x0000b821       0x7d startup/startup_stm32f103xb.o

.debug_str      0x00000000    0x8aa1c
 .debug_str     0x00000000    0x8299c Drivers/STM32F1xx_HAL_Driver/Src/stm32f1xx_hal.o
                              0x82e3e (size before relaxing)
 .debug_str     0x0008299c      0x2c5 Drivers/STM32F1xx_HAL_Driver/Src/stm32f1xx_hal_cortex.o
                              0x82e01 (size before relaxing)
 .debug_str     0x00082c61      0x3a9 Drivers/STM32F1xx_HAL_Driver/Src/stm32f1xx_hal_gpio.o
                              0x82b2c (size before relaxing)
 .debug_str     0x0008300a      0x35f Drivers/STM32F1xx_HAL_Driver/Src/stm32f1xx_hal_rcc.o
                              0x82b8c (size before relaxing)
 .debug_str     0x00083369      0x904 Drivers/STM32F1xx_HAL_Driver/Src/stm32f1xx_hal_spi.o
                              0x830a9 (size before relaxing)
 .debug_str     0x00083c6d     0x10e6 Drivers/STM32F1xx_HAL_Driver/Src/stm32f1xx_hal_tim.o
                              0x83b8a (size before relaxing)
 .debug_str     0x00084d53      0x549 Drivers/STM32F1xx_HAL_Driver/Src/stm32f1xx_hal_tim_ex.o
                              0x833b4 (size before relaxing)
 .debug_str     0x0008529c      0x251 Src/DHT11/DHT11.o
                              0x829f2 (size before relaxing)
 .debug_str     0x000854ed       0x59 Src/DWT_STM32/dwt_stm32_delay.o
                              0x827f3 (size before relaxing)
 .debug_str     0x00085546       0x2d Src/font/font.o
                               0x3bd9 (size before relaxing)
 .debug_str     0x00085573       0x37 Src/gpio.o
                              0x828d2 (size before relaxing)
 .debug_str     0x000855aa       0x8a Src/main.o
                              0x8307a (size before relaxing)
 .debug_str     0x00085634       0x17 Src/spi.o
                              0x82ccd (size before relaxing)
 .debug_str     0x0008564b       0x1b Src/stm32f1xx_hal_msp.o
                              0x82868 (size before relaxing)
 .debug_str     0x00085666       0xc8 Src/stm32f1xx_it.o
                              0x82d6e (size before relaxing)
 .debug_str     0x0008572e     0x4f72 Src/syscalls.o
                               0x856e (size before relaxing)
 .debug_str     0x0008a6a0       0x4d Src/system_stm32f1xx.o
                              0x82763 (size before relaxing)
 .debug_str     0x0008a6ed       0x1c Src/tim.o
                              0x8316d (size before relaxing)
 .debug_str     0x0008a709      0x172 Src/userMain.o
                              0x85cf8 (size before relaxing)
 .debug_str     0x0008a87b      0x172 Src/lcd/lcd.o
                              0x8597f (size before relaxing)
 .debug_str     0x0008a9ed       0x2f startup/startup_stm32f103xb.o
                                 0x56 (size before relaxing)

.comment        0x00000000       0x7f
 .comment       0x00000000       0x7f Drivers/STM32F1xx_HAL_Driver/Src/stm32f1xx_hal.o
                                 0x80 (size before relaxing)
 .comment       0x0000007f       0x80 Drivers/STM32F1xx_HAL_Driver/Src/stm32f1xx_hal_cortex.o
 .comment       0x0000007f       0x80 Drivers/STM32F1xx_HAL_Driver/Src/stm32f1xx_hal_gpio.o
 .comment       0x0000007f       0x80 Drivers/STM32F1xx_HAL_Driver/Src/stm32f1xx_hal_rcc.o
 .comment       0x0000007f       0x80 Drivers/STM32F1xx_HAL_Driver/Src/stm32f1xx_hal_spi.o
 .comment       0x0000007f       0x80 Drivers/STM32F1xx_HAL_Driver/Src/stm32f1xx_hal_tim.o
 .comment       0x0000007f       0x80 Drivers/STM32F1xx_HAL_Driver/Src/stm32f1xx_hal_tim_ex.o
 .comment       0x0000007f       0x80 Src/DHT11/DHT11.o
 .comment       0x0000007f       0x80 Src/DWT_STM32/dwt_stm32_delay.o
 .comment       0x0000007f       0x80 Src/font/font.o
 .comment       0x0000007f       0x80 Src/gpio.o
 .comment       0x0000007f       0x80 Src/main.o
 .comment       0x0000007f       0x80 Src/spi.o
 .comment       0x0000007f       0x80 Src/stm32f1xx_hal_msp.o
 .comment       0x0000007f       0x80 Src/stm32f1xx_it.o
 .comment       0x0000007f       0x80 Src/syscalls.o
 .comment       0x0000007f       0x80 Src/system_stm32f1xx.o
 .comment       0x0000007f       0x80 Src/tim.o
 .comment       0x0000007f       0x80 Src/userMain.o
 .comment       0x0000007f       0x80 Src/lcd/lcd.o

.debug_frame    0x00000000     0x2514
 .debug_frame   0x00000000      0x1cc Drivers/STM32F1xx_HAL_Driver/Src/stm32f1xx_hal.o
 .debug_frame   0x000001cc      0x12c Drivers/STM32F1xx_HAL_Driver/Src/stm32f1xx_hal_cortex.o
 .debug_frame   0x000002f8       0xe8 Drivers/STM32F1xx_HAL_Driver/Src/stm32f1xx_hal_gpio.o
 .debug_frame   0x000003e0      0x198 Drivers/STM32F1xx_HAL_Driver/Src/stm32f1xx_hal_rcc.o
 .debug_frame   0x00000578      0x598 Drivers/STM32F1xx_HAL_Driver/Src/stm32f1xx_hal_spi.o
 .debug_frame   0x00000b10      0xb8c Drivers/STM32F1xx_HAL_Driver/Src/stm32f1xx_hal_tim.o
 .debug_frame   0x0000169c      0x474 Drivers/STM32F1xx_HAL_Driver/Src/stm32f1xx_hal_tim_ex.o
 .debug_frame   0x00001b10       0xa0 Src/DHT11/DHT11.o
 .debug_frame   0x00001bb0       0x20 Src/DWT_STM32/dwt_stm32_delay.o
 .debug_frame   0x00001bd0       0x38 Src/gpio.o
 .debug_frame   0x00001c08       0x58 Src/main.o
 .debug_frame   0x00001c60       0x60 Src/spi.o
 .debug_frame   0x00001cc0       0x28 Src/stm32f1xx_hal_msp.o
 .debug_frame   0x00001ce8       0xc0 Src/stm32f1xx_it.o
 .debug_frame   0x00001da8      0x1a8 Src/syscalls.o
 .debug_frame   0x00001f50       0x30 Src/system_stm32f1xx.o
 .debug_frame   0x00001f80       0x64 Src/tim.o
 .debug_frame   0x00001fe4       0x74 Src/userMain.o
 .debug_frame   0x00002058      0x104 Src/lcd/lcd.o
 .debug_frame   0x0000215c       0x20 a:/stm32/workbench/plugins/fr.ac6.mcu.externaltools.arm-none.win32_1.17.0.201812190825/tools/compiler/bin/../lib/gcc/arm-none-eabi/7.3.1/../../../../arm-none-eabi/lib/thumb/v7-m\libc_nano.a(lib_a-errno.o)
 .debug_frame   0x0000217c       0x2c a:/stm32/workbench/plugins/fr.ac6.mcu.externaltools.arm-none.win32_1.17.0.201812190825/tools/compiler/bin/../lib/gcc/arm-none-eabi/7.3.1/../../../../arm-none-eabi/lib/thumb/v7-m\libc_nano.a(lib_a-init.o)
 .debug_frame   0x000021a8       0x28 a:/stm32/workbench/plugins/fr.ac6.mcu.externaltools.arm-none.win32_1.17.0.201812190825/tools/compiler/bin/../lib/gcc/arm-none-eabi/7.3.1/../../../../arm-none-eabi/lib/thumb/v7-m\libc_nano.a(lib_a-memcpy-stub.o)
 .debug_frame   0x000021d0       0x20 a:/stm32/workbench/plugins/fr.ac6.mcu.externaltools.arm-none.win32_1.17.0.201812190825/tools/compiler/bin/../lib/gcc/arm-none-eabi/7.3.1/../../../../arm-none-eabi/lib/thumb/v7-m\libc_nano.a(lib_a-memset.o)
 .debug_frame   0x000021f0       0x6c a:/stm32/workbench/plugins/fr.ac6.mcu.externaltools.arm-none.win32_1.17.0.201812190825/tools/compiler/bin/../lib/gcc/arm-none-eabi/7.3.1/../../../../arm-none-eabi/lib/thumb/v7-m\libc_nano.a(lib_a-sprintf.o)
 .debug_frame   0x0000225c       0x90 a:/stm32/workbench/plugins/fr.ac6.mcu.externaltools.arm-none.win32_1.17.0.201812190825/tools/compiler/bin/../lib/gcc/arm-none-eabi/7.3.1/../../../../arm-none-eabi/lib/thumb/v7-m\libc_nano.a(lib_a-nano-svfprintf.o)
 .debug_frame   0x000022ec       0x60 a:/stm32/workbench/plugins/fr.ac6.mcu.externaltools.arm-none.win32_1.17.0.201812190825/tools/compiler/bin/../lib/gcc/arm-none-eabi/7.3.1/../../../../arm-none-eabi/lib/thumb/v7-m\libc_nano.a(lib_a-nano-vfprintf_i.o)
 .debug_frame   0x0000234c       0x28 a:/stm32/workbench/plugins/fr.ac6.mcu.externaltools.arm-none.win32_1.17.0.201812190825/tools/compiler/bin/../lib/gcc/arm-none-eabi/7.3.1/../../../../arm-none-eabi/lib/thumb/v7-m\libc_nano.a(lib_a-memchr-stub.o)
 .debug_frame   0x00002374       0x28 a:/stm32/workbench/plugins/fr.ac6.mcu.externaltools.arm-none.win32_1.17.0.201812190825/tools/compiler/bin/../lib/gcc/arm-none-eabi/7.3.1/../../../../arm-none-eabi/lib/thumb/v7-m\libc_nano.a(lib_a-memmove.o)
 .debug_frame   0x0000239c       0x38 a:/stm32/workbench/plugins/fr.ac6.mcu.externaltools.arm-none.win32_1.17.0.201812190825/tools/compiler/bin/../lib/gcc/arm-none-eabi/7.3.1/../../../../arm-none-eabi/lib/thumb/v7-m\libc_nano.a(lib_a-nano-freer.o)
 .debug_frame   0x000023d4       0x2c a:/stm32/workbench/plugins/fr.ac6.mcu.externaltools.arm-none.win32_1.17.0.201812190825/tools/compiler/bin/../lib/gcc/arm-none-eabi/7.3.1/../../../../arm-none-eabi/lib/thumb/v7-m\libc_nano.a(lib_a-nano-mallocr.o)
 .debug_frame   0x00002400       0x3c a:/stm32/workbench/plugins/fr.ac6.mcu.externaltools.arm-none.win32_1.17.0.201812190825/tools/compiler/bin/../lib/gcc/arm-none-eabi/7.3.1/../../../../arm-none-eabi/lib/thumb/v7-m\libc_nano.a(lib_a-nano-reallocr.o)
 .debug_frame   0x0000243c       0x2c a:/stm32/workbench/plugins/fr.ac6.mcu.externaltools.arm-none.win32_1.17.0.201812190825/tools/compiler/bin/../lib/gcc/arm-none-eabi/7.3.1/../../../../arm-none-eabi/lib/thumb/v7-m\libc_nano.a(lib_a-sbrkr.o)
 .debug_frame   0x00002468       0x30 a:/stm32/workbench/plugins/fr.ac6.mcu.externaltools.arm-none.win32_1.17.0.201812190825/tools/compiler/bin/../lib/gcc/arm-none-eabi/7.3.1/../../../../arm-none-eabi/lib/thumb/v7-m\libc_nano.a(lib_a-mlock.o)
 .debug_frame   0x00002498       0x20 a:/stm32/workbench/plugins/fr.ac6.mcu.externaltools.arm-none.win32_1.17.0.201812190825/tools/compiler/bin/../lib/gcc/arm-none-eabi/7.3.1/../../../../arm-none-eabi/lib/thumb/v7-m\libc_nano.a(lib_a-nano-msizer.o)
 .debug_frame   0x000024b8       0x5c a:/stm32/workbench/plugins/fr.ac6.mcu.externaltools.arm-none.win32_1.17.0.201812190825/tools/compiler/bin/../lib/gcc/arm-none-eabi/7.3.1/../../../../arm-none-eabi/lib/thumb/v7-m\libc_nano.a(lib_a-reent.o)
